
> @paperbanana/miniprogram@3.2.0 test
> node --test tests/*.test.cjs

✔ account safety keeps lifecycle status and 202 accepted deletion without claiming completion (23.639ms)
✔ closing account settings invalidates an in-flight lifecycle response (1.581792ms)
✔ account security exposes verified state and parent wiring contracts (15.773083ms)
✔ unverified account can resend and retry-after starts a visible cooldown (1.204333ms)
✔ change-password validates required, 8/128 boundaries, and confirmation mismatch (2.181791ms)
✔ change-password validates current password at 8 and 128 character boundaries (1.348791ms)
✔ successful password change clears only change-password secrets and preserves delete flow state (0.839417ms)
✔ change-password errors use stable auth mapping (0.904084ms)
✔ change-password 429 starts an independent cooldown and blocks repeat submission (0.705125ms)
✔ reset, close, and detach clear both password domains and cooldown timers (0.444792ms)
✔ closing account settings invalidates an in-flight password change result (0.347334ms)
account.test.cjs passed
✔ tests/account.test.cjs (152.787ms)
api-parse.test.cjs passed
✔ mini PUT uses the remaining signed window with a ten-minute client cap (2.4155ms)
ark-verification-optional.test.cjs passed
✔ tests/ark-verification-optional.test.cjs (118.231875ms)
aspect-ratios.test.cjs passed
✔ tests/aspect-ratios.test.cjs (266.781ms)
auth-panel-auth-contract.test.cjs passed
✔ tests/auth-panel-auth-contract.test.cjs (133.000292ms)
✔ sign-in authenticates, clears the password, and emits authed (75.026292ms)
✔ EMAIL_NOT_VERIFIED enters pending verification without retaining a password or authenticating (3.108583ms)
✔ sign-up verification-required enters pending state and never emits authed (0.765042ms)
✔ pending verification copy does not claim that a generic response delivered email (0.254291ms)
✔ sign-up remains compatible with an authenticated result (2.131125ms)
✔ forgot-password accepts email only and always shows generic recovery guidance on success (1.365875ms)
✔ unknown-email password reset success uses the same generic recovery state (5.039667ms)
✔ verification resend honors retry-after and exposes a disabled countdown (2.929875ms)
✔ verification resend success stays neutral and starts cooldown (1.123459ms)
✔ mode changes, close, and detach clear secrets, messages, and timers (1.308708ms)
✔ closing the panel invalidates an in-flight authentication result (0.590583ms)
✔ auth submit, close, and stale completion never use the global loading HUD (0.775042ms)
auth-security.test.cjs passed
✔ tests/auth-security.test.cjs (201.964083ms)
auth-session-contract.test.cjs passed
✔ tests/auth-session-contract.test.cjs (158.254417ms)
business-errors.test.cjs passed
✔ tests/business-errors.test.cjs (135.857208ms)
client-platform.test.cjs passed
✔ tests/client-platform.test.cjs (169.635167ms)
constants.test.cjs passed
✔ tests/constants.test.cjs (332.950542ms)
featured-templates.test.cjs passed
✔ tests/featured-templates.test.cjs (130.731ms)
health-request.test.cjs passed
✔ tests/health-request.test.cjs (133.60725ms)
✔ optimization uses only the selected main route and region key; refine sends no generation context (3.477042ms)
✔ unsupported optimization, invalid main role, missing key and invalid results fail before writes (1.052583ms)
✔ optimization previews first, applies explicitly, restores once and rejects changes since request (9.103709ms)
✔ cancelled optimization cannot overwrite a later field value (2.904125ms)
✔ WeChat serializes absent optional Object bindings as null; optimization keeps the default region (3.419625ms)
✔ all four TokenDance optimizer targets require connection, omit keys and retain preview/apply/undo (6.593125ms)
job-assets.test.cjs passed
✔ tests/job-assets.test.cjs (96.567625ms)
job-normalization.test.cjs passed
✔ tests/job-normalization.test.cjs (233.716834ms)
mobile-ui-layout.test.cjs passed
✔ tests/mobile-ui-layout.test.cjs (110.358291ms)
model-picker-flow.test.cjs passed
✔ tests/model-picker-flow.test.cjs (234.670375ms)
{"registryBytes":3653618,"maxPatchBytes":20139,"checkedResolutionOptions":1576}
✔ tests/model-registry-view-boundary.test.cjs (1757.072167ms)
model-registry.test.cjs passed
✔ tests/model-registry.test.cjs (252.432417ms)
model-routing.test.cjs passed
✔ tests/model-routing.test.cjs (224.788209ms)
✔ registry retains optimization and validated upload limits, malformed declarations fail closed (52.823917ms)
✔ request builders reject stale routes, unavailable regions, edit-only generation and invalid size pairs (2.260333ms)
✔ uploaded refine sources use their exclusive contract and auto resolution remains legal (1.17275ms)
✔ business errors keep lifecycle and optimization guidance instead of leaking raw identifiers (1.344792ms)
✔ local history preserves unowned legacy entries but displays only the current immutable account ID (10.503459ms)
✔ refine source responses from an old account are ignored, and finalized uploads survive list refresh (18.099ms)
✔ refine polling does not overlap and rejects results after account switch (2.9585ms)
✔ input optimizer discards candidate and undo state when account identity changes (5.357208ms)
✔ settings recompute ratio and reachable keys from unsaved changes; refine accepts edit-only tiers (18.125792ms)
✔ verification-status requests omit session cookies and never persist a server cookie response (2.511208ms)
payload.test.cjs passed
✔ tests/payload.test.cjs (242.806333ms)
project-config.test.cjs passed
✔ tests/project-config.test.cjs (172.198958ms)
reference-library.test.cjs passed
✔ tests/reference-library.test.cjs (184.082958ms)
reference-mode.test.cjs passed
✔ tests/reference-mode.test.cjs (148.681416ms)
✔ refine v2 accepts platform originals independently from model transfer quota and checks direct-edit dimensions (2.8235ms)
✔ generation v2 preserves files when count, total, SVG or selected model limits block submission (0.865875ms)
✔ signed deadline is retained through refinement PUT and expired uploads stop before finalize (8.142083ms)
✔ refine file validation follows declared MIME, model byte and pixel limits (1.357875ms)
✔ refine upload finalizes with purpose and retains cleanup without leaking token into source (2.408375ms)
✔ failed or replaced upload is aborted and cannot become a ready source (1.011209ms)
refine.test.cjs passed
✔ tests/refine.test.cjs (160.275ms)
release-metadata-3.0.1.test.cjs passed
✔ tests/release-metadata-3.0.1.test.cjs (123.470584ms)
stable-url.test.cjs passed
✔ tests/stable-url.test.cjs (160.834709ms)
✔ mini uses headless PKCE flow and clears the one-use code before exchange (7.823625ms)
✔ mini rejects fractional yuan and drops a payment reply after logout (1.575916ms)
✔ mini payment polling never overlaps and server-owned TD keys are omitted from generation payloads (3.395417ms)
✔ mini account lists all orders, queries the selected order and blocks uncertain duplicate creation (3.112875ms)
✔ mini failed-job recovery counts down, rejects an early tap, refreshes after returning and resumes once eligible (43.993209ms)
✔ mini blocks submit and repeat selection while original image dimensions are pending (9.854375ms)
✔ account A-B-A, detached and selected-order changes discard late replies (4.301167ms)
✔ one-use codes stay out of view data and are cleared on hide; uncertain creation blocks a retry (2.815583ms)
✔ returning to account from its reopened job detail pops the native stack and keeps the original task (2.408834ms)
✔ TD throttling and uncertain errors retain recovery guidance instead of generic capacity failures (1.766958ms)
✔ verification observer stays read-only, pauses and resumes, and ends on verified (1.0545ms)
✔ verification observer expires after one hour and rejects a stale response after stop (0.296334ms)
✔ verification observer never overlaps requests and recovers from temporary failure (0.337958ms)
ℹ tests 84
ℹ suites 0
ℹ pass 84
ℹ fail 0
ℹ cancelled 0
ℹ skipped 0
ℹ todo 0
ℹ duration_ms 2081.007958
